====================================2025-09-25 15:25:43===========================================
新增提交:0 新增未过题:0 删除未过题中已过题:0  孙怿翔
新增提交:0 新增未过题:0 删除未过题中已过题:0  黄翠婷
新增提交:0 新增未过题:0 删除未过题中已过题:0  张健明
新增提交:0 新增未过题:0 删除未过题中已过题:0  韦书临
新增提交:0 新增未过题:0 删除未过题中已过题:0  陶康
新增提交:0 新增未过题:0 删除未过题中已过题:0  陈君屹
新增提交:0 新增未过题:0 删除未过题中已过题:0  杜永坤
新增提交:0 新增未过题:0 删除未过题中已过题:0  曾佳宁
新增提交:0 新增未过题:0 删除未过题中已过题:0  郑毅
新增提交:0 新增未过题:0 删除未过题中已过题:0  马振涛
新增提交:0 新增未过题:0 删除未过题中已过题:0  周紫阳
新增提交:0 新增未过题:0 删除未过题中已过题:0  薛沛东
新增提交:0 新增未过题:0 删除未过题中已过题:0  陈毅逊
新增提交:0 新增未过题:0 删除未过题中已过题:0  王功磊
新增提交:0 新增未过题:0 删除未过题中已过题:0  李娇娇
新增提交:0 新增未过题:0 删除未过题中已过题:0  trdag
新增提交:0 新增未过题:0 删除未过题中已过题:0  詹炜翔
新增提交:0 新增未过题:0 删除未过题中已过题:0  文轩
新增提交:0 新增未过题:0 删除未过题中已过题:0  陆艺先
葛福腾的cf账号不存在
张天诺的cf账号不存在
李孝强的cf账号不存在
陈聪的cf账号不存在
徐铭宇的cf账号不存在
罗诗琪的cf账号不存在
温亮的cf账号不存在
巨翰铧的cf账号不存在
杨富杰的cf账号不存在
赵增的cf账号不存在
魏嘉俊的cf账号不存在
覃文枫的cf账号不存在
李丹琳的cf账号不存在
王杰麟的cf账号不存在
梁德乐的cf账号不存在
张禹浩的cf账号不存在
唐健平的cf账号不存在
徐源鹏的cf账号不存在
超频次数0
总耗时:5s/5958ms   
