============================ 2025-09-25 13:09:57 ============================
新增提交0 陈君屹
新增提交0 韦书临
新增提交0 马振涛
新增提交0 黄翠婷
新增提交0 张健明
新增提交0 郑毅
新增提交0 陶康
新增提交0 陈毅逊
新增提交0 周紫阳
新增提交0 薛沛东
新增提交0 李娇娇
新增提交0 葛福腾
新增提交0 徐铭宇
新增提交0 张天诺
新增提交0 巨翰铧
新增提交0 罗诗琪
新增提交0 trdag
新增提交0 杨富杰
新增提交0 陈聪
新增提交0 李孝强
新增提交0 赵增
新增提交0 李丹琳
新增提交0 魏嘉俊
新增提交0 覃文枫
新增提交0 徐源鹏
新增提交0 张禹浩
新增提交0 梁德乐
新增提交0 陆艺先
新增提交0 文轩
新增提交0 王杰麟
孙怿翔uid不存在
曾佳宁uid不存在
杜永坤uid不存在
请求失败  404
王功磊uid不存在
詹炜翔uid不存在
请求失败  404
温亮uid不存在
请求失败  404
唐健平uid不存在
请求平均时长 177ms
总耗时:1s/1152ms   
