2025-10-08 16:06:52 孙怿翔 获取url失败,尝试使用无apikey
2025-10-08 16:06:52 孙怿翔 获取url失败,尝试使用无apikey成功
2025-10-08 16:07:01 杜永坤 请求数据失败 请求失败  400
2025-10-08 16:07:02 马振涛 获取url失败,尝试使用无apikey
2025-10-08 16:07:02 马振涛 获取url失败,尝试使用无apikey成功
2025-10-08 16:07:04 文轩 获取url失败,尝试使用无apikey
2025-10-08 16:07:04 文轩 获取url失败,尝试使用无apikey成功
2025-10-08 16:07:05 陆艺先 获取url失败,尝试使用无apikey
2025-10-08 16:07:05 陆艺先 获取url失败,尝试使用无apikey成功
2025-10-08 16:15:04 孙怿翔 获取url失败,尝试使用无apikey
2025-10-08 16:15:04 孙怿翔 获取url失败,尝试使用无apikey成功
2025-10-08 16:15:08 杜永坤 请求数据失败 请求失败  400
2025-10-08 16:15:09 马振涛 获取url失败,尝试使用无apikey
2025-10-08 16:15:09 马振涛 获取url失败,尝试使用无apikey成功
2025-10-08 16:15:11 文轩 获取url失败,尝试使用无apikey
2025-10-08 16:15:11 文轩 获取url失败,尝试使用无apikey成功
2025-10-08 16:15:12 陆艺先 获取url失败,尝试使用无apikey
2025-10-08 16:15:12 陆艺先 获取url失败,尝试使用无apikey成功
2025-10-08 19:05:23 孙怿翔 获取url失败,尝试使用无apikey
2025-10-08 19:05:23 孙怿翔 获取url失败,尝试使用无apikey成功
2025-10-08 19:05:30 杜永坤 请求数据失败 请求失败  400
2025-10-08 19:05:31 马振涛 获取url失败,尝试使用无apikey
2025-10-08 19:05:31 马振涛 获取url失败,尝试使用无apikey成功
2025-10-08 19:05:34 文轩 获取url失败,尝试使用无apikey
2025-10-08 19:05:34 文轩 获取url失败,尝试使用无apikey成功
2025-10-08 19:05:35 陆艺先 获取url失败,尝试使用无apikey
2025-10-08 19:05:35 陆艺先 获取url失败,尝试使用无apikey成功
2025-10-08 19:05:53 孙怿翔 获取url失败,尝试使用无apikey
2025-10-08 19:05:53 孙怿翔 获取url失败,尝试使用无apikey成功
2025-10-08 19:06:03 杜永坤 请求数据失败 请求失败  400
2025-10-08 19:06:04 马振涛 获取url失败,尝试使用无apikey
2025-10-08 19:06:04 马振涛 获取url失败,尝试使用无apikey成功
2025-10-08 19:06:08 文轩 获取url失败,尝试使用无apikey
2025-10-08 19:06:08 文轩 获取url失败,尝试使用无apikey成功
2025-10-08 19:06:08 陆艺先 获取url失败,尝试使用无apikey
2025-10-08 19:06:08 陆艺先 获取url失败,尝试使用无apikey成功
2025-10-08 19:06:23 孙怿翔 获取url失败,尝试使用无apikey
2025-10-08 19:06:23 孙怿翔 获取url失败,尝试使用无apikey成功
2025-10-08 19:06:38 杜永坤 请求数据失败 请求失败  400
2025-10-08 19:06:39 马振涛 获取url失败,尝试使用无apikey
2025-10-08 19:06:39 马振涛 获取url失败,尝试使用无apikey成功
2025-10-08 19:06:44 文轩 获取url失败,尝试使用无apikey
2025-10-08 19:06:44 文轩 获取url失败,尝试使用无apikey成功
2025-10-08 19:06:44 陆艺先 获取url失败,尝试使用无apikey
2025-10-08 19:06:44 陆艺先 获取url失败,尝试使用无apikey成功
2025-10-08 19:06:59 孙怿翔 获取url失败,尝试使用无apikey
2025-10-08 19:06:59 孙怿翔 获取url失败,尝试使用无apikey成功
2025-10-08 19:07:05 杜永坤 请求数据失败 请求失败  400
2025-10-08 19:07:11 马振涛 获取url失败,尝试使用无apikey
2025-10-08 19:07:11 马振涛 获取url失败,尝试使用无apikey成功
2025-10-08 19:07:15 文轩 获取url失败,尝试使用无apikey
2025-10-08 19:07:15 文轩 获取url失败,尝试使用无apikey成功
2025-10-08 19:07:15 陆艺先 获取url失败,尝试使用无apikey
2025-10-08 19:07:15 陆艺先 获取url失败,尝试使用无apikey成功
2025-10-08 19:07:23 孙怿翔 获取url失败,尝试使用无apikey
2025-10-08 19:07:23 孙怿翔 获取url失败,尝试使用无apikey成功
2025-10-08 19:07:25 杜永坤 请求数据失败 请求失败  400
2025-10-08 19:07:26 马振涛 获取url失败,尝试使用无apikey
2025-10-08 19:07:26 马振涛 获取url失败,尝试使用无apikey成功
2025-10-08 19:07:31 文轩 获取url失败,尝试使用无apikey
2025-10-08 19:07:31 文轩 获取url失败,尝试使用无apikey成功
2025-10-08 19:07:31 陆艺先 获取url失败,尝试使用无apikey
2025-10-08 19:07:31 陆艺先 获取url失败,尝试使用无apikey成功
2025-10-08 19:07:53 孙怿翔 获取url失败,尝试使用无apikey
2025-10-08 19:07:53 孙怿翔 获取url失败,尝试使用无apikey成功
2025-10-08 19:07:56 杜永坤 请求数据失败 请求失败  400
2025-10-08 19:07:57 马振涛 获取url失败,尝试使用无apikey
2025-10-08 19:07:57 马振涛 获取url失败,尝试使用无apikey成功
2025-10-08 19:08:00 文轩 获取url失败,尝试使用无apikey
2025-10-08 19:08:00 文轩 获取url失败,尝试使用无apikey成功
2025-10-08 19:08:00 陆艺先 获取url失败,尝试使用无apikey
2025-10-08 19:08:00 陆艺先 获取url失败,尝试使用无apikey成功
2025-10-08 19:08:23 孙怿翔 获取url失败,尝试使用无apikey
2025-10-08 19:08:23 孙怿翔 获取url失败,尝试使用无apikey成功
2025-10-08 19:08:30 杜永坤 请求数据失败 请求失败  400
2025-10-08 19:08:31 马振涛 获取url失败,尝试使用无apikey
2025-10-08 19:08:31 马振涛 获取url失败,尝试使用无apikey成功
2025-10-08 19:08:34 文轩 获取url失败,尝试使用无apikey
2025-10-08 19:08:34 文轩 获取url失败,尝试使用无apikey成功
2025-10-08 19:08:34 陆艺先 获取url失败,尝试使用无apikey
2025-10-08 19:08:34 陆艺先 获取url失败,尝试使用无apikey成功
2025-10-08 19:08:53 孙怿翔 获取url失败,尝试使用无apikey
2025-10-08 19:08:53 孙怿翔 获取url失败,尝试使用无apikey成功
2025-10-08 19:08:57 杜永坤 请求数据失败 请求失败  400
2025-10-08 19:08:58 马振涛 获取url失败,尝试使用无apikey
2025-10-08 19:08:58 马振涛 获取url失败,尝试使用无apikey成功
2025-10-08 19:09:01 陆艺先 获取url失败,尝试使用无apikey
2025-10-08 19:09:01 陆艺先 获取url失败,尝试使用无apikey成功
2025-10-08 19:09:01 文轩 获取url失败,尝试使用无apikey
2025-10-08 19:09:01 文轩 获取url失败,尝试使用无apikey成功
2025-10-08 19:09:23 孙怿翔 获取url失败,尝试使用无apikey
2025-10-08 19:09:23 孙怿翔 获取url失败,尝试使用无apikey成功
2025-10-08 19:09:25 杜永坤 请求数据失败 请求失败  400
2025-10-08 19:09:28 马振涛 获取url失败,尝试使用无apikey
2025-10-08 19:09:28 马振涛 获取url失败,尝试使用无apikey成功
2025-10-08 19:09:32 文轩 获取url失败,尝试使用无apikey
2025-10-08 19:09:32 文轩 获取url失败,尝试使用无apikey成功
2025-10-08 19:09:32 陆艺先 获取url失败,尝试使用无apikey
2025-10-08 19:09:32 陆艺先 获取url失败,尝试使用无apikey成功
2025-10-08 19:10:30 李娇娇 请求数据失败 请求失败  500
2025-10-08 19:10:30 孙怿翔 获取url失败,尝试使用无apikey
2025-10-08 19:10:30 孙怿翔 获取url失败,尝试使用无apikey成功
2025-10-08 19:10:32 杜永坤 请求数据失败 请求失败  400
2025-10-08 19:10:33 马振涛 获取url失败,尝试使用无apikey
2025-10-08 19:10:33 马振涛 获取url失败,尝试使用无apikey成功
2025-10-08 19:10:36 文轩 获取url失败,尝试使用无apikey
2025-10-08 19:10:36 文轩 获取url失败,尝试使用无apikey成功
2025-10-08 19:10:37 陆艺先 获取url失败,尝试使用无apikey
2025-10-08 19:10:37 陆艺先 获取url失败,尝试使用无apikey成功
2025-10-08 19:10:53 孙怿翔 获取url失败,尝试使用无apikey
2025-10-08 19:10:53 孙怿翔 获取url失败,尝试使用无apikey成功
2025-10-08 19:10:58 杜永坤 请求数据失败 请求失败  400
2025-10-08 19:10:59 马振涛 获取url失败,尝试使用无apikey
2025-10-08 19:10:59 马振涛 获取url失败,尝试使用无apikey成功
2025-10-08 19:11:02 文轩 获取url失败,尝试使用无apikey
2025-10-08 19:11:02 文轩 获取url失败,尝试使用无apikey成功
2025-10-08 19:11:02 陆艺先 获取url失败,尝试使用无apikey
2025-10-08 19:11:02 陆艺先 获取url失败,尝试使用无apikey成功
2025-10-08 19:11:23 孙怿翔 获取url失败,尝试使用无apikey
2025-10-08 19:11:23 孙怿翔 获取url失败,尝试使用无apikey成功
2025-10-08 19:11:26 杜永坤 请求数据失败 请求失败  400
2025-10-08 19:11:27 马振涛 获取url失败,尝试使用无apikey
2025-10-08 19:11:27 马振涛 获取url失败,尝试使用无apikey成功
2025-10-08 19:11:30 文轩 获取url失败,尝试使用无apikey
2025-10-08 19:11:30 文轩 获取url失败,尝试使用无apikey成功
2025-10-08 19:11:30 陆艺先 获取url失败,尝试使用无apikey
2025-10-08 19:11:30 陆艺先 获取url失败,尝试使用无apikey成功
2025-10-08 19:11:53 孙怿翔 获取url失败,尝试使用无apikey
2025-10-08 19:11:53 孙怿翔 获取url失败,尝试使用无apikey成功
2025-10-08 19:12:02 杜永坤 请求数据失败 请求失败  400
2025-10-08 19:12:03 马振涛 获取url失败,尝试使用无apikey
2025-10-08 19:12:03 马振涛 获取url失败,尝试使用无apikey成功
2025-10-08 19:12:06 文轩 获取url失败,尝试使用无apikey
2025-10-08 19:12:06 文轩 获取url失败,尝试使用无apikey成功
2025-10-08 19:12:06 陆艺先 获取url失败,尝试使用无apikey
2025-10-08 19:12:06 陆艺先 获取url失败,尝试使用无apikey成功
2025-10-08 19:12:23 孙怿翔 获取url失败,尝试使用无apikey
2025-10-08 19:12:23 孙怿翔 获取url失败,尝试使用无apikey成功
2025-10-08 19:12:25 杜永坤 请求数据失败 请求失败  400
2025-10-08 19:12:26 马振涛 获取url失败,尝试使用无apikey
2025-10-08 19:12:26 马振涛 获取url失败,尝试使用无apikey成功
2025-10-08 19:12:29 陆艺先 获取url失败,尝试使用无apikey
2025-10-08 19:12:29 文轩 获取url失败,尝试使用无apikey
2025-10-08 19:12:29 陆艺先 获取url失败,尝试使用无apikey成功
2025-10-08 19:12:29 文轩 获取url失败,尝试使用无apikey成功
2025-10-08 19:12:53 孙怿翔 获取url失败,尝试使用无apikey
2025-10-08 19:12:53 孙怿翔 获取url失败,尝试使用无apikey成功
2025-10-08 19:12:57 杜永坤 请求数据失败 请求失败  400
2025-10-08 19:12:58 马振涛 获取url失败,尝试使用无apikey
2025-10-08 19:12:58 马振涛 获取url失败,尝试使用无apikey成功
2025-10-08 19:13:03 文轩 获取url失败,尝试使用无apikey
2025-10-08 19:13:03 文轩 获取url失败,尝试使用无apikey成功
2025-10-08 19:13:03 陆艺先 获取url失败,尝试使用无apikey
2025-10-08 19:13:03 陆艺先 获取url失败,尝试使用无apikey成功
2025-10-08 19:19:32 孙怿翔 获取url失败,尝试使用无apikey
2025-10-08 19:19:32 孙怿翔 获取url失败,尝试使用无apikey成功
2025-10-08 19:19:44 杜永坤 请求数据失败 请求失败  400
2025-10-08 19:19:46 马振涛 获取url失败,尝试使用无apikey
2025-10-08 19:19:46 马振涛 获取url失败,尝试使用无apikey成功
2025-10-08 19:19:49 文轩 获取url失败,尝试使用无apikey
2025-10-08 19:19:49 文轩 获取url失败,尝试使用无apikey成功
2025-10-08 19:19:49 陆艺先 获取url失败,尝试使用无apikey
2025-10-08 19:19:49 陆艺先 获取url失败,尝试使用无apikey成功
2025-10-08 19:20:02 孙怿翔 获取url失败,尝试使用无apikey
2025-10-08 19:20:02 孙怿翔 获取url失败,尝试使用无apikey成功
2025-10-08 19:20:05 杜永坤 请求数据失败 请求失败  400
2025-10-08 19:20:05 马振涛 获取url失败,尝试使用无apikey
2025-10-08 19:20:05 马振涛 获取url失败,尝试使用无apikey成功
2025-10-08 19:20:10 文轩 获取url失败,尝试使用无apikey
2025-10-08 19:20:10 文轩 获取url失败,尝试使用无apikey成功
2025-10-08 19:20:10 陆艺先 获取url失败,尝试使用无apikey
2025-10-08 19:20:10 陆艺先 获取url失败,尝试使用无apikey成功
2025-10-08 19:20:55 孙怿翔 获取url失败,尝试使用无apikey
2025-10-08 19:20:55 孙怿翔 获取url失败,尝试使用无apikey成功
2025-10-08 19:20:58 杜永坤 请求数据失败 请求失败  400
2025-10-08 19:20:59 马振涛 获取url失败,尝试使用无apikey
2025-10-08 19:20:59 马振涛 获取url失败,尝试使用无apikey成功
2025-10-08 19:21:02 文轩 获取url失败,尝试使用无apikey
2025-10-08 19:21:02 文轩 获取url失败,尝试使用无apikey成功
2025-10-08 19:21:03 陆艺先 获取url失败,尝试使用无apikey
2025-10-08 19:21:03 陆艺先 获取url失败,尝试使用无apikey成功
2025-10-08 19:21:38 孙怿翔 获取url失败,尝试使用无apikey
2025-10-08 19:21:38 孙怿翔 获取url失败,尝试使用无apikey成功
2025-10-08 19:21:41 杜永坤 请求数据失败 请求失败  400
2025-10-08 19:21:46 马振涛 获取url失败,尝试使用无apikey
2025-10-08 19:21:46 马振涛 获取url失败,尝试使用无apikey成功
2025-10-08 19:21:48 文轩 获取url失败,尝试使用无apikey
2025-10-08 19:21:48 文轩 获取url失败,尝试使用无apikey成功
2025-10-08 19:21:49 陆艺先 获取url失败,尝试使用无apikey
2025-10-08 19:21:49 陆艺先 获取url失败,尝试使用无apikey成功
2025-10-08 19:21:55 孙怿翔 获取url失败,尝试使用无apikey
2025-10-08 19:21:55 孙怿翔 获取url失败,尝试使用无apikey成功
2025-10-08 19:21:58 杜永坤 请求数据失败 请求失败  400
2025-10-08 19:21:58 马振涛 获取url失败,尝试使用无apikey
2025-10-08 19:21:58 马振涛 获取url失败,尝试使用无apikey成功
2025-10-08 19:22:00 文轩 获取url失败,尝试使用无apikey
2025-10-08 19:22:00 文轩 获取url失败,尝试使用无apikey成功
2025-10-08 19:22:01 陆艺先 获取url失败,尝试使用无apikey
2025-10-08 19:22:01 陆艺先 获取url失败,尝试使用无apikey成功
2025-10-08 19:23:42 孙怿翔 获取url失败,尝试使用无apikey
2025-10-08 19:23:42 孙怿翔 获取url失败,尝试使用无apikey成功
2025-10-08 19:23:45 杜永坤 请求数据失败 请求失败  400
2025-10-08 19:23:46 马振涛 获取url失败,尝试使用无apikey
2025-10-08 19:23:46 马振涛 获取url失败,尝试使用无apikey成功
2025-10-08 19:23:51 文轩 获取url失败,尝试使用无apikey
2025-10-08 19:23:51 文轩 获取url失败,尝试使用无apikey成功
2025-10-08 19:23:51 陆艺先 获取url失败,尝试使用无apikey
2025-10-08 19:23:51 陆艺先 获取url失败,尝试使用无apikey成功
2025-10-08 19:24:12 孙怿翔 获取url失败,尝试使用无apikey
2025-10-08 19:24:12 孙怿翔 获取url失败,尝试使用无apikey成功
2025-10-08 19:24:15 杜永坤 请求数据失败 请求失败  400
2025-10-08 19:24:16 马振涛 获取url失败,尝试使用无apikey
2025-10-08 19:24:16 马振涛 获取url失败,尝试使用无apikey成功
2025-10-08 19:24:18 文轩 获取url失败,尝试使用无apikey
2025-10-08 19:24:18 文轩 获取url失败,尝试使用无apikey成功
2025-10-08 19:24:18 陆艺先 获取url失败,尝试使用无apikey
2025-10-08 19:24:18 陆艺先 获取url失败,尝试使用无apikey成功
2025-10-08 19:24:42 孙怿翔 获取url失败,尝试使用无apikey
2025-10-08 19:24:42 孙怿翔 获取url失败,尝试使用无apikey成功
2025-10-08 19:24:45 杜永坤 请求数据失败 请求失败  400
2025-10-08 19:24:46 马振涛 获取url失败,尝试使用无apikey
2025-10-08 19:24:46 马振涛 获取url失败,尝试使用无apikey成功
2025-10-08 19:24:49 文轩 获取url失败,尝试使用无apikey
2025-10-08 19:24:49 文轩 获取url失败,尝试使用无apikey成功
2025-10-08 19:24:50 陆艺先 获取url失败,尝试使用无apikey
2025-10-08 19:24:50 陆艺先 获取url失败,尝试使用无apikey成功
2025-10-08 19:25:12 孙怿翔 获取url失败,尝试使用无apikey
2025-10-08 19:25:12 孙怿翔 获取url失败,尝试使用无apikey成功
2025-10-08 19:25:16 杜永坤 请求数据失败 请求失败  400
2025-10-08 19:25:17 马振涛 获取url失败,尝试使用无apikey
2025-10-08 19:25:17 马振涛 获取url失败,尝试使用无apikey成功
2025-10-08 19:25:19 文轩 获取url失败,尝试使用无apikey
2025-10-08 19:25:19 文轩 获取url失败,尝试使用无apikey成功
2025-10-08 19:25:19 陆艺先 获取url失败,尝试使用无apikey
2025-10-08 19:25:19 陆艺先 获取url失败,尝试使用无apikey成功
2025-10-08 19:25:42 孙怿翔 获取url失败,尝试使用无apikey
2025-10-08 19:25:42 孙怿翔 获取url失败,尝试使用无apikey成功
2025-10-08 19:25:45 杜永坤 请求数据失败 请求失败  400
2025-10-08 19:25:46 马振涛 获取url失败,尝试使用无apikey
2025-10-08 19:25:46 马振涛 获取url失败,尝试使用无apikey成功
2025-10-08 19:25:48 文轩 获取url失败,尝试使用无apikey
2025-10-08 19:25:48 文轩 获取url失败,尝试使用无apikey成功
2025-10-08 19:25:49 陆艺先 获取url失败,尝试使用无apikey
2025-10-08 19:25:49 陆艺先 获取url失败,尝试使用无apikey成功
2025-10-08 19:26:12 孙怿翔 获取url失败,尝试使用无apikey
2025-10-08 19:26:12 孙怿翔 获取url失败,尝试使用无apikey成功
2025-10-08 19:26:15 杜永坤 请求数据失败 请求失败  400
2025-10-08 19:26:16 马振涛 获取url失败,尝试使用无apikey
2025-10-08 19:26:16 马振涛 获取url失败,尝试使用无apikey成功
2025-10-08 19:26:19 文轩 获取url失败,尝试使用无apikey
2025-10-08 19:26:19 文轩 获取url失败,尝试使用无apikey成功
2025-10-08 19:26:19 陆艺先 获取url失败,尝试使用无apikey
2025-10-08 19:26:19 陆艺先 获取url失败,尝试使用无apikey成功
2025-10-08 19:26:42 孙怿翔 获取url失败,尝试使用无apikey
2025-10-08 19:26:42 孙怿翔 获取url失败,尝试使用无apikey成功
2025-10-08 19:26:45 杜永坤 请求数据失败 请求失败  400
2025-10-08 19:26:46 马振涛 获取url失败,尝试使用无apikey
2025-10-08 19:26:46 马振涛 获取url失败,尝试使用无apikey成功
2025-10-08 19:26:48 文轩 获取url失败,尝试使用无apikey
2025-10-08 19:26:48 文轩 获取url失败,尝试使用无apikey成功
2025-10-08 19:26:48 陆艺先 获取url失败,尝试使用无apikey
2025-10-08 19:26:48 陆艺先 获取url失败,尝试使用无apikey成功
2025-10-08 19:27:12 孙怿翔 获取url失败,尝试使用无apikey
2025-10-08 19:27:12 孙怿翔 获取url失败,尝试使用无apikey成功
2025-10-08 19:27:15 杜永坤 请求数据失败 请求失败  400
2025-10-08 19:27:16 马振涛 获取url失败,尝试使用无apikey
2025-10-08 19:27:16 马振涛 获取url失败,尝试使用无apikey成功
2025-10-08 19:27:19 文轩 获取url失败,尝试使用无apikey
2025-10-08 19:27:19 文轩 获取url失败,尝试使用无apikey成功
2025-10-08 19:27:19 陆艺先 获取url失败,尝试使用无apikey
2025-10-08 19:27:19 陆艺先 获取url失败,尝试使用无apikey成功
2025-10-08 19:27:42 孙怿翔 获取url失败,尝试使用无apikey
2025-10-08 19:27:42 孙怿翔 获取url失败,尝试使用无apikey成功
2025-10-08 19:27:45 杜永坤 请求数据失败 请求失败  400
2025-10-08 19:27:47 马振涛 获取url失败,尝试使用无apikey
2025-10-08 19:27:47 马振涛 获取url失败,尝试使用无apikey成功
2025-10-08 19:27:51 文轩 获取url失败,尝试使用无apikey
2025-10-08 19:27:51 文轩 获取url失败,尝试使用无apikey成功
2025-10-08 19:27:52 陆艺先 获取url失败,尝试使用无apikey
2025-10-08 19:27:52 陆艺先 获取url失败,尝试使用无apikey成功
2025-10-08 19:28:53 孙怿翔 获取url失败,尝试使用无apikey
2025-10-08 19:28:53 孙怿翔 获取url失败,尝试使用无apikey成功
2025-10-08 19:28:56 杜永坤 请求数据失败 请求失败  400
2025-10-08 19:28:57 马振涛 获取url失败,尝试使用无apikey
2025-10-08 19:28:57 马振涛 获取url失败,尝试使用无apikey成功
2025-10-08 19:29:00 文轩 获取url失败,尝试使用无apikey
2025-10-08 19:29:00 文轩 获取url失败,尝试使用无apikey成功
2025-10-08 19:29:00 陆艺先 获取url失败,尝试使用无apikey
2025-10-08 19:29:00 陆艺先 获取url失败,尝试使用无apikey成功
2025-10-08 19:29:23 孙怿翔 获取url失败,尝试使用无apikey
2025-10-08 19:29:23 孙怿翔 获取url失败,尝试使用无apikey成功
2025-10-08 19:29:37 杜永坤 请求数据失败 请求失败  400
2025-10-08 19:29:42 马振涛 获取url失败,尝试使用无apikey
2025-10-08 19:29:42 马振涛 获取url失败,尝试使用无apikey成功
2025-10-08 19:29:54 文轩 获取url失败,尝试使用无apikey
2025-10-08 19:29:54 文轩 获取url失败,尝试使用无apikey成功
2025-10-08 19:29:55 陆艺先 获取url失败,尝试使用无apikey
2025-10-08 19:29:55 陆艺先 获取url失败,尝试使用无apikey成功
2025-10-08 19:30:17 孙怿翔 获取url失败,尝试使用无apikey
2025-10-08 19:30:17 孙怿翔 获取url失败,尝试使用无apikey成功
2025-10-08 19:30:21 杜永坤 请求数据失败 请求失败  400
2025-10-08 19:30:22 马振涛 获取url失败,尝试使用无apikey
2025-10-08 19:30:22 马振涛 获取url失败,尝试使用无apikey成功
2025-10-08 19:30:25 文轩 获取url失败,尝试使用无apikey
2025-10-08 19:30:25 文轩 获取url失败,尝试使用无apikey成功
2025-10-08 19:30:25 陆艺先 获取url失败,尝试使用无apikey
2025-10-08 19:30:25 陆艺先 获取url失败,尝试使用无apikey成功
2025-10-08 19:30:26 孙怿翔 获取url失败,尝试使用无apikey
2025-10-08 19:30:26 孙怿翔 获取url失败,尝试使用无apikey成功
2025-10-08 19:30:29 杜永坤 请求数据失败 请求失败  400
2025-10-08 19:30:32 马振涛 获取url失败,尝试使用无apikey
2025-10-08 19:30:32 马振涛 获取url失败,尝试使用无apikey成功
2025-10-08 19:30:36 文轩 获取url失败,尝试使用无apikey
2025-10-08 19:30:36 文轩 获取url失败,尝试使用无apikey成功
2025-10-08 19:30:36 陆艺先 获取url失败,尝试使用无apikey
2025-10-08 19:30:36 陆艺先 获取url失败,尝试使用无apikey成功
2025-10-08 19:30:53 孙怿翔 获取url失败,尝试使用无apikey
2025-10-08 19:30:53 孙怿翔 获取url失败,尝试使用无apikey成功
2025-10-08 19:31:05 杜永坤 请求数据失败 请求失败  400
2025-10-08 19:31:06 马振涛 获取url失败,尝试使用无apikey
2025-10-08 19:31:06 马振涛 获取url失败,尝试使用无apikey成功
2025-10-08 19:31:09 文轩 获取url失败,尝试使用无apikey
2025-10-08 19:31:09 文轩 获取url失败,尝试使用无apikey成功
2025-10-08 19:31:09 陆艺先 获取url失败,尝试使用无apikey
2025-10-08 19:31:09 陆艺先 获取url失败,尝试使用无apikey成功
2025-10-08 19:31:23 孙怿翔 获取url失败,尝试使用无apikey
2025-10-08 19:31:23 孙怿翔 获取url失败,尝试使用无apikey成功
2025-10-08 19:31:33 杜永坤 请求数据失败 请求失败  400
2025-10-08 19:31:40 马振涛 获取url失败,尝试使用无apikey
2025-10-08 19:31:40 马振涛 获取url失败,尝试使用无apikey成功
2025-10-08 19:31:47 文轩 获取url失败,尝试使用无apikey
2025-10-08 19:31:47 文轩 获取url失败,尝试使用无apikey成功
2025-10-08 19:31:48 陆艺先 获取url失败,尝试使用无apikey
2025-10-08 19:31:48 陆艺先 获取url失败,尝试使用无apikey成功
2025-10-08 19:31:53 孙怿翔 获取url失败,尝试使用无apikey
2025-10-08 19:31:53 孙怿翔 获取url失败,尝试使用无apikey成功
2025-10-08 19:31:56 杜永坤 请求数据失败 请求失败  400
2025-10-08 19:31:57 马振涛 获取url失败,尝试使用无apikey
2025-10-08 19:31:57 马振涛 获取url失败,尝试使用无apikey成功
2025-10-08 19:32:05 文轩 获取url失败,尝试使用无apikey
2025-10-08 19:32:05 文轩 获取url失败,尝试使用无apikey成功
2025-10-08 19:32:05 陆艺先 获取url失败,尝试使用无apikey
2025-10-08 19:32:05 陆艺先 获取url失败,尝试使用无apikey成功
2025-10-08 19:32:23 孙怿翔 获取url失败,尝试使用无apikey
2025-10-08 19:32:23 孙怿翔 获取url失败,尝试使用无apikey成功
2025-10-08 19:32:26 杜永坤 请求数据失败 请求失败  400
2025-10-08 19:32:27 马振涛 获取url失败,尝试使用无apikey
2025-10-08 19:32:27 马振涛 获取url失败,尝试使用无apikey成功
2025-10-08 19:32:30 文轩 获取url失败,尝试使用无apikey
2025-10-08 19:32:30 文轩 获取url失败,尝试使用无apikey成功
2025-10-08 19:32:30 陆艺先 获取url失败,尝试使用无apikey
2025-10-08 19:32:30 陆艺先 获取url失败,尝试使用无apikey成功
2025-10-08 19:32:53 孙怿翔 获取url失败,尝试使用无apikey
2025-10-08 19:32:53 孙怿翔 获取url失败,尝试使用无apikey成功
2025-10-08 19:32:56 杜永坤 请求数据失败 请求失败  400
2025-10-08 19:32:57 马振涛 获取url失败,尝试使用无apikey
2025-10-08 19:32:57 马振涛 获取url失败,尝试使用无apikey成功
2025-10-08 19:33:00 文轩 获取url失败,尝试使用无apikey
2025-10-08 19:33:00 陆艺先 获取url失败,尝试使用无apikey
2025-10-08 19:33:00 文轩 获取url失败,尝试使用无apikey成功
2025-10-08 19:33:00 陆艺先 获取url失败,尝试使用无apikey成功
2025-10-08 19:33:23 孙怿翔 获取url失败,尝试使用无apikey
2025-10-08 19:33:23 孙怿翔 获取url失败,尝试使用无apikey成功
2025-10-08 19:33:31 杜永坤 请求数据失败 请求失败  400
2025-10-08 19:33:32 马振涛 获取url失败,尝试使用无apikey
2025-10-08 19:33:32 马振涛 获取url失败,尝试使用无apikey成功
2025-10-08 19:33:35 文轩 获取url失败,尝试使用无apikey
2025-10-08 19:33:35 文轩 获取url失败,尝试使用无apikey成功
2025-10-08 19:33:35 陆艺先 获取url失败,尝试使用无apikey
2025-10-08 19:33:35 陆艺先 获取url失败,尝试使用无apikey成功
2025-10-08 19:33:53 孙怿翔 获取url失败,尝试使用无apikey
2025-10-08 19:33:53 孙怿翔 获取url失败,尝试使用无apikey成功
2025-10-08 19:33:56 杜永坤 请求数据失败 请求失败  400
2025-10-08 19:33:57 马振涛 获取url失败,尝试使用无apikey
2025-10-08 19:33:57 马振涛 获取url失败,尝试使用无apikey成功
2025-10-08 19:34:00 文轩 获取url失败,尝试使用无apikey
2025-10-08 19:34:00 文轩 获取url失败,尝试使用无apikey成功
2025-10-08 19:34:00 陆艺先 获取url失败,尝试使用无apikey
2025-10-08 19:34:00 陆艺先 获取url失败,尝试使用无apikey成功
2025-10-08 19:34:23 孙怿翔 获取url失败,尝试使用无apikey
2025-10-08 19:34:23 孙怿翔 获取url失败,尝试使用无apikey成功
2025-10-08 19:34:26 杜永坤 请求数据失败 请求失败  400
2025-10-08 19:34:27 马振涛 获取url失败,尝试使用无apikey
2025-10-08 19:34:27 马振涛 获取url失败,尝试使用无apikey成功
2025-10-08 19:34:35 文轩 获取url失败,尝试使用无apikey
2025-10-08 19:34:35 文轩 获取url失败,尝试使用无apikey成功
2025-10-08 19:34:36 陆艺先 获取url失败,尝试使用无apikey
2025-10-08 19:34:36 陆艺先 获取url失败,尝试使用无apikey成功
2025-10-08 19:34:53 孙怿翔 获取url失败,尝试使用无apikey
2025-10-08 19:34:53 孙怿翔 获取url失败,尝试使用无apikey成功
2025-10-08 19:35:00 杜永坤 请求数据失败 请求失败  400
2025-10-08 19:35:05 马振涛 获取url失败,尝试使用无apikey
2025-10-08 19:35:05 马振涛 获取url失败,尝试使用无apikey成功
2025-10-08 19:35:16 文轩 获取url失败,尝试使用无apikey
2025-10-08 19:35:16 文轩 获取url失败,尝试使用无apikey成功
2025-10-08 19:35:16 陆艺先 获取url失败,尝试使用无apikey
2025-10-08 19:35:16 陆艺先 获取url失败,尝试使用无apikey成功
2025-10-08 21:24:44 孙怿翔 获取url失败,尝试使用无apikey
2025-10-08 21:24:44 孙怿翔 获取url失败,尝试使用无apikey成功
2025-10-08 21:24:49 杜永坤 请求数据失败 请求失败  400
2025-10-08 21:24:51 马振涛 获取url失败,尝试使用无apikey
2025-10-08 21:24:51 马振涛 获取url失败,尝试使用无apikey成功
2025-10-08 21:24:54 文轩 获取url失败,尝试使用无apikey
2025-10-08 21:24:54 文轩 获取url失败,尝试使用无apikey成功
2025-10-08 21:24:55 陆艺先 获取url失败,尝试使用无apikey
2025-10-08 21:24:55 陆艺先 获取url失败,尝试使用无apikey成功
2025-10-08 21:26:44 孙怿翔 获取url失败,尝试使用无apikey
2025-10-08 21:26:44 孙怿翔 获取url失败,尝试使用无apikey成功
2025-10-08 21:26:49 杜永坤 请求数据失败 请求失败  400
2025-10-08 21:26:56 马振涛 获取url失败,尝试使用无apikey
2025-10-08 21:26:56 马振涛 获取url失败,尝试使用无apikey成功
2025-10-08 21:27:00 文轩 获取url失败,尝试使用无apikey
2025-10-08 21:27:00 文轩 获取url失败,尝试使用无apikey成功
2025-10-08 21:27:00 陆艺先 获取url失败,尝试使用无apikey
2025-10-08 21:27:00 陆艺先 获取url失败,尝试使用无apikey成功
