2025-10-08 16:06:54 韦书临获取提交记录失败 invalid character '<' looking for beginning of value
2025-10-08 16:06:54 陈君屹获取提交记录失败 invalid character '<' looking for beginning of value
2025-10-08 16:06:54 张健明获取提交记录失败 invalid character '<' looking for beginning of value
2025-10-08 16:06:54 黄翠婷获取提交记录失败 invalid character '<' looking for beginning of value
2025-10-08 16:06:54 陶康获取提交记录失败 invalid character '<' looking for beginning of value
2025-10-08 16:06:54 郑毅获取提交记录失败 invalid character '<' looking for beginning of value
2025-10-08 16:06:54 周紫阳获取提交记录失败 invalid character '<' looking for beginning of value
2025-10-08 16:06:54 马振涛获取提交记录失败 invalid character '<' looking for beginning of value
2025-10-08 16:06:54 王功磊获取提交记录失败 invalid character '<' looking for beginning of value
2025-10-08 16:06:54 薛沛东获取提交记录失败 invalid character '<' looking for beginning of value
2025-10-08 16:06:54 陈毅逊获取提交记录失败 invalid character '<' looking for beginning of value
2025-10-08 16:06:54 李娇娇获取提交记录失败 invalid character '<' looking for beginning of value
2025-10-08 16:06:54 葛福腾获取提交记录失败 invalid character '<' looking for beginning of value
2025-10-08 16:06:54 trdag获取提交记录失败 invalid character '<' looking for beginning of value
2025-10-08 16:06:54 张天诺获取提交记录失败 invalid character '<' looking for beginning of value
2025-10-08 16:06:54 陈聪获取提交记录失败 invalid character '<' looking for beginning of value
2025-10-08 16:06:54 李孝强获取提交记录失败 invalid character '<' looking for beginning of value
2025-10-08 16:06:54 温亮获取提交记录失败 invalid character '<' looking for beginning of value
2025-10-08 16:06:54 巨翰铧获取提交记录失败 invalid character '<' looking for beginning of value
2025-10-08 16:06:54 徐铭宇获取提交记录失败 invalid character '<' looking for beginning of value
2025-10-08 16:06:54 杨富杰获取提交记录失败 invalid character '<' looking for beginning of value
2025-10-08 16:06:54 罗诗琪获取提交记录失败 invalid character '<' looking for beginning of value
2025-10-08 16:06:54 魏嘉俊获取提交记录失败 invalid character '<' looking for beginning of value
2025-10-08 16:06:54 赵增获取提交记录失败 invalid character '<' looking for beginning of value
2025-10-08 16:06:54 覃文枫获取提交记录失败 invalid character '<' looking for beginning of value
2025-10-08 16:06:55 王杰麟获取提交记录失败 invalid character '<' looking for beginning of value
2025-10-08 16:06:55 李丹琳获取提交记录失败 invalid character '<' looking for beginning of value
2025-10-08 16:06:55 唐健平获取提交记录失败 请求失败  429
2025-10-08 16:06:55 张禹浩获取提交记录失败 invalid character '<' looking for beginning of value
2025-10-08 16:06:55 徐源鹏获取提交记录失败 invalid character '<' looking for beginning of value
2025-10-08 16:06:55 梁德乐获取提交记录失败 invalid character '<' looking for beginning of value
2025-10-08 16:06:55 文轩获取提交记录失败 invalid character '<' looking for beginning of value
2025-10-08 16:06:55 陆艺先获取提交记录失败 invalid character '<' looking for beginning of value
2025-10-08 16:06:55 仇崧栎获取提交记录失败 invalid character '<' looking for beginning of value
2025-10-08 16:06:55 赵泽浩获取提交记录失败 invalid character '<' looking for beginning of value
