2025-10-08 16:13:32 陈君屹获取提交记录完成 0
2025-10-08 16:13:33 韦书临获取提交记录完成 0
2025-10-08 16:13:33 黄翠婷获取提交记录完成 0
2025-10-08 16:13:33 陶康获取提交记录完成 0
2025-10-08 16:13:33 张健明获取提交记录完成 0
2025-10-08 16:13:35 马振涛获取提交记录完成 0
2025-10-08 16:13:35 薛沛东获取提交记录完成 0
2025-10-08 16:13:35 周紫阳获取提交记录完成 0
2025-10-08 16:13:35 郑毅获取提交记录完成 0
2025-10-08 16:13:36 陈毅逊获取提交记录完成 0
2025-10-08 16:13:37 李娇娇获取提交记录完成 0
2025-10-08 16:13:37 葛福腾获取提交记录完成 0
2025-10-08 16:13:37 张天诺获取提交记录完成 0
2025-10-08 16:13:37 李孝强获取提交记录完成 0
2025-10-08 16:13:38 trdag获取提交记录完成 0
2025-10-08 16:13:38 徐铭宇获取提交记录完成 0
2025-10-08 16:13:38 陈聪获取提交记录完成 0
2025-10-08 16:13:39 巨翰铧获取提交记录完成 0
2025-10-08 16:13:39 罗诗琪获取提交记录完成 0
2025-10-08 16:13:40 赵增获取提交记录完成 0
2025-10-08 16:13:40 杨富杰获取提交记录完成 0
2025-10-08 16:13:40 李丹琳获取提交记录完成 0
2025-10-08 16:13:40 覃文枫获取提交记录完成 0
2025-10-08 16:13:41 魏嘉俊获取提交记录完成 0
2025-10-08 16:13:41 王杰麟获取提交记录完成 0
2025-10-08 16:13:42 梁德乐获取提交记录完成 0
2025-10-08 16:13:42 徐源鹏获取提交记录完成 0
2025-10-08 16:13:42 张禹浩获取提交记录完成 0
2025-10-08 16:13:43 文轩获取提交记录完成 0
2025-10-08 16:13:43 赵泽浩获取提交记录完成 0
2025-10-08 16:13:43 陆艺先获取提交记录完成 0
2025-10-08 16:13:43 仇崧栎获取提交记录完成 0
2025-10-08 19:06:56 陈君屹获取提交记录完成 0
2025-10-08 19:06:56 张健明获取提交记录完成 0
2025-10-08 19:06:56 韦书临获取提交记录完成 0
2025-10-08 19:06:56 黄翠婷获取提交记录完成 0
2025-10-08 19:06:56 陶康获取提交记录完成 0
2025-10-08 19:06:58 马振涛获取提交记录完成 0
2025-10-08 19:06:58 周紫阳获取提交记录完成 0
2025-10-08 19:06:58 薛沛东获取提交记录完成 0
2025-10-08 19:06:59 郑毅获取提交记录完成 0
2025-10-08 19:06:59 陈毅逊获取提交记录完成 0
2025-10-08 19:07:00 葛福腾获取提交记录完成 0
2025-10-08 19:07:00 李孝强获取提交记录完成 0
2025-10-08 19:07:00 张天诺获取提交记录完成 0
2025-10-08 19:07:00 李娇娇获取提交记录完成 0
2025-10-08 19:07:01 trdag获取提交记录完成 0
2025-10-08 19:07:02 徐铭宇获取提交记录完成 0
2025-10-08 19:07:02 陈聪获取提交记录完成 0
2025-10-08 19:07:02 罗诗琪获取提交记录完成 0
2025-10-08 19:07:02 巨翰铧获取提交记录完成 0
2025-10-08 19:07:03 杨富杰获取提交记录完成 0
2025-10-08 19:07:04 魏嘉俊获取提交记录完成 0
2025-10-08 19:07:04 覃文枫获取提交记录完成 0
2025-10-08 19:07:04 赵增获取提交记录完成 0
2025-10-08 19:07:04 王杰麟获取提交记录完成 0
2025-10-08 19:07:04 李丹琳获取提交记录完成 0
2025-10-08 19:07:05 梁德乐获取提交记录完成 0
2025-10-08 19:07:06 徐源鹏获取提交记录完成 0
2025-10-08 19:07:06 陆艺先获取提交记录完成 0
2025-10-08 19:07:06 张禹浩获取提交记录完成 0
2025-10-08 19:07:06 文轩获取提交记录完成 0
2025-10-08 19:07:06 赵泽浩获取提交记录完成 0
2025-10-08 19:07:07 仇崧栎获取提交记录完成 0
2025-10-08 19:08:55 陈君屹获取提交记录完成 0
2025-10-08 19:08:56 黄翠婷获取提交记录完成 0
2025-10-08 19:08:56 张健明获取提交记录完成 0
2025-10-08 19:08:56 韦书临获取提交记录完成 0
2025-10-08 19:08:57 陶康获取提交记录完成 0
2025-10-08 19:08:58 周紫阳获取提交记录完成 0
2025-10-08 19:08:58 薛沛东获取提交记录完成 0
2025-10-08 19:08:58 马振涛获取提交记录完成 0
2025-10-08 19:08:58 郑毅获取提交记录完成 0
2025-10-08 19:08:59 陈毅逊获取提交记录完成 0
2025-10-08 19:08:59 李娇娇获取提交记录完成 0
2025-10-08 19:09:00 葛福腾获取提交记录完成 0
2025-10-08 19:09:00 李孝强获取提交记录完成 0
2025-10-08 19:09:00 张天诺获取提交记录完成 0
2025-10-08 19:09:01 trdag获取提交记录完成 0
2025-10-08 19:09:01 陈聪获取提交记录完成 0
2025-10-08 19:09:01 徐铭宇获取提交记录完成 0
2025-10-08 19:09:02 巨翰铧获取提交记录完成 0
2025-10-08 19:09:02 罗诗琪获取提交记录完成 0
2025-10-08 19:09:03 杨富杰获取提交记录完成 0
2025-10-08 19:09:03 覃文枫获取提交记录完成 0
2025-10-08 19:09:03 赵增获取提交记录完成 0
2025-10-08 19:09:03 魏嘉俊获取提交记录完成 0
2025-10-08 19:09:04 李丹琳获取提交记录完成 0
2025-10-08 19:09:04 王杰麟获取提交记录完成 0
2025-10-08 19:09:05 张禹浩获取提交记录完成 0
2025-10-08 19:09:05 梁德乐获取提交记录完成 0
2025-10-08 19:09:05 徐源鹏获取提交记录完成 0
2025-10-08 19:09:06 文轩获取提交记录完成 0
2025-10-08 19:09:06 陆艺先获取提交记录完成 0
2025-10-08 19:09:06 仇崧栎获取提交记录完成 0
2025-10-08 19:09:07 赵泽浩获取提交记录完成 0
2025-10-08 19:10:56 陈君屹获取提交记录完成 0
2025-10-08 19:10:56 韦书临获取提交记录完成 0
2025-10-08 19:10:56 张健明获取提交记录完成 0
2025-10-08 19:10:56 黄翠婷获取提交记录完成 0
2025-10-08 19:10:56 陶康获取提交记录完成 0
2025-10-08 19:10:58 马振涛获取提交记录完成 0
2025-10-08 19:10:58 周紫阳获取提交记录完成 0
2025-10-08 19:10:58 陈毅逊获取提交记录完成 0
2025-10-08 19:10:58 郑毅获取提交记录完成 0
2025-10-08 19:10:59 薛沛东获取提交记录完成 0
2025-10-08 19:11:00 李娇娇获取提交记录完成 0
2025-10-08 19:11:00 张天诺获取提交记录完成 0
2025-10-08 19:11:00 葛福腾获取提交记录完成 0
2025-10-08 19:11:00 李孝强获取提交记录完成 0
2025-10-08 19:11:00 trdag获取提交记录完成 0
2025-10-08 19:11:01 陈聪获取提交记录完成 0
2025-10-08 19:11:02 罗诗琪获取提交记录完成 0
2025-10-08 19:11:02 巨翰铧获取提交记录完成 0
2025-10-08 19:11:02 徐铭宇获取提交记录完成 0
2025-10-08 19:11:02 杨富杰获取提交记录完成 0
2025-10-08 19:11:03 赵增获取提交记录完成 0
2025-10-08 19:11:03 魏嘉俊获取提交记录完成 0
2025-10-08 19:11:03 李丹琳获取提交记录完成 0
2025-10-08 19:11:03 覃文枫获取提交记录完成 0
2025-10-08 19:11:04 王杰麟获取提交记录完成 0
2025-10-08 19:11:05 梁德乐获取提交记录完成 0
2025-10-08 19:11:05 徐源鹏获取提交记录完成 0
2025-10-08 19:11:05 张禹浩获取提交记录完成 0
2025-10-08 19:11:06 文轩获取提交记录完成 0
2025-10-08 19:11:06 陆艺先获取提交记录完成 0
2025-10-08 19:11:06 仇崧栎获取提交记录完成 0
2025-10-08 19:11:06 赵泽浩获取提交记录完成 0
2025-10-08 19:12:56 黄翠婷获取提交记录完成 0
2025-10-08 19:12:56 张健明获取提交记录完成 0
2025-10-08 19:12:56 陈君屹获取提交记录完成 0
2025-10-08 19:12:56 韦书临获取提交记录完成 0
2025-10-08 19:12:57 陶康获取提交记录完成 0
2025-10-08 19:12:58 马振涛获取提交记录完成 0
2025-10-08 19:12:58 郑毅获取提交记录完成 0
2025-10-08 19:12:58 薛沛东获取提交记录完成 0
2025-10-08 19:12:58 周紫阳获取提交记录完成 0
2025-10-08 19:12:59 陈毅逊获取提交记录完成 0
2025-10-08 19:13:00 李娇娇获取提交记录完成 0
2025-10-08 19:13:00 葛福腾获取提交记录完成 0
2025-10-08 19:13:00 张天诺获取提交记录完成 0
2025-10-08 19:13:01 trdag获取提交记录完成 0
2025-10-08 19:13:01 李孝强获取提交记录完成 0
2025-10-08 19:13:01 陈聪获取提交记录完成 0
2025-10-08 19:13:02 徐铭宇获取提交记录完成 0
2025-10-08 19:13:02 巨翰铧获取提交记录完成 0
2025-10-08 19:13:03 罗诗琪获取提交记录完成 0
2025-10-08 19:13:03 杨富杰获取提交记录完成 0
2025-10-08 19:13:03 赵增获取提交记录完成 0
2025-10-08 19:13:03 覃文枫获取提交记录完成 0
2025-10-08 19:13:04 魏嘉俊获取提交记录完成 0
2025-10-08 19:13:04 李丹琳获取提交记录完成 0
2025-10-08 19:13:05 王杰麟获取提交记录完成 0
2025-10-08 19:13:05 徐源鹏获取提交记录完成 0
2025-10-08 19:13:05 梁德乐获取提交记录完成 0
2025-10-08 19:13:06 张禹浩获取提交记录完成 0
2025-10-08 19:13:06 文轩获取提交记录完成 0
2025-10-08 19:13:06 仇崧栎获取提交记录完成 0
2025-10-08 19:13:06 赵泽浩获取提交记录完成 0
2025-10-08 19:13:07 陆艺先获取提交记录完成 0
2025-10-08 19:25:15 陈君屹获取提交记录完成 0
2025-10-08 19:25:16 黄翠婷获取提交记录完成 0
2025-10-08 19:25:16 张健明获取提交记录完成 0
2025-10-08 19:25:16 韦书临获取提交记录完成 0
2025-10-08 19:25:16 陶康获取提交记录完成 0
2025-10-08 19:25:18 马振涛获取提交记录完成 0
2025-10-08 19:25:18 周紫阳获取提交记录完成 0
2025-10-08 19:25:18 陈毅逊获取提交记录完成 0
2025-10-08 19:25:18 郑毅获取提交记录完成 0
2025-10-08 19:25:18 薛沛东获取提交记录完成 0
2025-10-08 19:25:19 葛福腾获取提交记录完成 0
2025-10-08 19:25:20 李娇娇获取提交记录完成 0
2025-10-08 19:25:20 李孝强获取提交记录完成 0
2025-10-08 19:25:20 张天诺获取提交记录完成 0
2025-10-08 19:25:20 trdag获取提交记录完成 0
2025-10-08 19:25:21 徐铭宇获取提交记录完成 0
2025-10-08 19:25:21 陈聪获取提交记录完成 0
2025-10-08 19:25:22 巨翰铧获取提交记录完成 0
2025-10-08 19:25:22 罗诗琪获取提交记录完成 0
2025-10-08 19:25:22 杨富杰获取提交记录完成 0
2025-10-08 19:25:23 赵增获取提交记录完成 0
2025-10-08 19:25:23 覃文枫获取提交记录完成 0
2025-10-08 19:25:23 李丹琳获取提交记录完成 0
2025-10-08 19:25:23 魏嘉俊获取提交记录完成 0
2025-10-08 19:25:24 王杰麟获取提交记录完成 0
2025-10-08 19:25:25 梁德乐获取提交记录完成 0
2025-10-08 19:25:25 张禹浩获取提交记录完成 0
2025-10-08 19:25:25 徐源鹏获取提交记录完成 0
2025-10-08 19:25:25 文轩获取提交记录完成 0
2025-10-08 19:25:26 陆艺先获取提交记录完成 0
2025-10-08 19:25:26 仇崧栎获取提交记录完成 0
2025-10-08 19:25:26 赵泽浩获取提交记录完成 0
2025-10-08 19:27:15 黄翠婷获取提交记录完成 0
2025-10-08 19:27:15 韦书临获取提交记录完成 0
2025-10-08 19:27:15 陈君屹获取提交记录完成 0
2025-10-08 19:27:16 张健明获取提交记录完成 0
2025-10-08 19:27:16 陶康获取提交记录完成 0
2025-10-08 19:27:17 马振涛获取提交记录完成 0
2025-10-08 19:27:18 周紫阳获取提交记录完成 0
2025-10-08 19:27:18 薛沛东获取提交记录完成 0
2025-10-08 19:27:18 陈毅逊获取提交记录完成 0
2025-10-08 19:27:18 郑毅获取提交记录完成 0
2025-10-08 19:27:19 葛福腾获取提交记录完成 0
2025-10-08 19:27:20 李孝强获取提交记录完成 0
2025-10-08 19:27:20 李娇娇获取提交记录完成 0
2025-10-08 19:27:20 张天诺获取提交记录完成 0
2025-10-08 19:27:20 trdag获取提交记录完成 0
2025-10-08 19:27:21 陈聪获取提交记录完成 0
2025-10-08 19:27:22 徐铭宇获取提交记录完成 0
2025-10-08 19:27:22 杨富杰获取提交记录完成 0
2025-10-08 19:27:22 巨翰铧获取提交记录完成 0
2025-10-08 19:27:22 罗诗琪获取提交记录完成 0
2025-10-08 19:27:23 赵增获取提交记录完成 0
2025-10-08 19:27:23 魏嘉俊获取提交记录完成 0
2025-10-08 19:27:24 覃文枫获取提交记录完成 0
2025-10-08 19:27:24 李丹琳获取提交记录完成 0
2025-10-08 19:27:24 王杰麟获取提交记录完成 0
2025-10-08 19:27:24 梁德乐获取提交记录完成 0
2025-10-08 19:27:25 徐源鹏获取提交记录完成 0
2025-10-08 19:27:25 张禹浩获取提交记录完成 0
2025-10-08 19:27:26 赵泽浩获取提交记录完成 0
2025-10-08 19:27:26 文轩获取提交记录完成 0
2025-10-08 19:27:26 陆艺先获取提交记录完成 0
2025-10-08 19:27:26 仇崧栎获取提交记录完成 0
2025-10-08 19:30:26 陶康获取提交记录完成 0
2025-10-08 19:30:26 陈君屹获取提交记录完成 0
2025-10-08 19:30:26 张健明获取提交记录完成 0
2025-10-08 19:30:26 黄翠婷获取提交记录完成 0
2025-10-08 19:30:26 韦书临获取提交记录完成 0
2025-10-08 19:30:28 郑毅获取提交记录完成 0
2025-10-08 19:30:29 周紫阳获取提交记录完成 0
2025-10-08 19:30:29 马振涛获取提交记录完成 0
2025-10-08 19:30:29 薛沛东获取提交记录完成 0
2025-10-08 19:30:30 陈毅逊获取提交记录完成 0
2025-10-08 19:30:30 张天诺获取提交记录完成 0
2025-10-08 19:30:31 trdag获取提交记录完成 0
2025-10-08 19:30:31 李娇娇获取提交记录完成 0
2025-10-08 19:30:31 葛福腾获取提交记录完成 0
2025-10-08 19:30:31 陈聪获取提交记录完成 0
2025-10-08 19:30:32 李孝强获取提交记录完成 0
2025-10-08 19:30:33 罗诗琪获取提交记录完成 0
2025-10-08 19:30:33 巨翰铧获取提交记录完成 0
2025-10-08 19:30:33 徐铭宇获取提交记录完成 0
2025-10-08 19:30:34 赵增获取提交记录完成 0
2025-10-08 19:30:34 杨富杰获取提交记录完成 0
2025-10-08 19:30:35 覃文枫获取提交记录完成 0
2025-10-08 19:30:35 魏嘉俊获取提交记录完成 0
2025-10-08 19:30:36 梁德乐获取提交记录完成 0
2025-10-08 19:30:36 李丹琳获取提交记录完成 0
2025-10-08 19:30:36 王杰麟获取提交记录完成 0
2025-10-08 19:30:37 徐源鹏获取提交记录完成 0
2025-10-08 19:30:38 张禹浩获取提交记录完成 0
2025-10-08 19:30:38 陆艺先获取提交记录完成 0
2025-10-08 19:30:38 赵泽浩获取提交记录完成 0
2025-10-08 19:30:38 文轩获取提交记录完成 0
2025-10-08 19:30:39 仇崧栎获取提交记录完成 0
2025-10-08 19:32:25 陈君屹获取提交记录完成 0
2025-10-08 19:32:26 张健明获取提交记录完成 0
2025-10-08 19:32:26 韦书临获取提交记录完成 0
2025-10-08 19:32:26 黄翠婷获取提交记录完成 0
2025-10-08 19:32:26 陶康获取提交记录完成 0
2025-10-08 19:32:28 马振涛获取提交记录完成 0
2025-10-08 19:32:28 薛沛东获取提交记录完成 0
2025-10-08 19:32:28 周紫阳获取提交记录完成 0
2025-10-08 19:32:28 郑毅获取提交记录完成 0
2025-10-08 19:32:29 陈毅逊获取提交记录完成 0
2025-10-08 19:32:30 葛福腾获取提交记录完成 0
2025-10-08 19:32:30 张天诺获取提交记录完成 0
2025-10-08 19:32:31 李娇娇获取提交记录完成 0
2025-10-08 19:32:31 李孝强获取提交记录完成 0
2025-10-08 19:32:32 trdag获取提交记录完成 0
2025-10-08 19:32:32 徐铭宇获取提交记录完成 0
2025-10-08 19:32:32 陈聪获取提交记录完成 0
2025-10-08 19:32:33 罗诗琪获取提交记录完成 0
2025-10-08 19:32:33 巨翰铧获取提交记录完成 0
2025-10-08 19:32:34 赵增获取提交记录完成 0
2025-10-08 19:32:34 杨富杰获取提交记录完成 0
2025-10-08 19:32:34 覃文枫获取提交记录完成 0
2025-10-08 19:32:34 李丹琳获取提交记录完成 0
2025-10-08 19:32:35 魏嘉俊获取提交记录完成 0
2025-10-08 19:32:36 梁德乐获取提交记录完成 0
2025-10-08 19:32:36 王杰麟获取提交记录完成 0
2025-10-08 19:32:36 张禹浩获取提交记录完成 0
2025-10-08 19:32:36 徐源鹏获取提交记录完成 0
2025-10-08 19:32:38 文轩获取提交记录完成 0
2025-10-08 19:32:38 陆艺先获取提交记录完成 0
2025-10-08 19:32:38 仇崧栎获取提交记录完成 0
2025-10-08 19:32:38 赵泽浩获取提交记录完成 0
2025-10-08 19:34:25 陈君屹获取提交记录完成 0
2025-10-08 19:34:26 韦书临获取提交记录完成 0
2025-10-08 19:34:26 陶康获取提交记录完成 0
2025-10-08 19:34:26 黄翠婷获取提交记录完成 0
2025-10-08 19:34:26 张健明获取提交记录完成 0
2025-10-08 19:34:28 马振涛获取提交记录完成 0
2025-10-08 19:34:28 周紫阳获取提交记录完成 0
2025-10-08 19:34:28 郑毅获取提交记录完成 0
2025-10-08 19:34:28 陈毅逊获取提交记录完成 0
2025-10-08 19:34:29 薛沛东获取提交记录完成 0
2025-10-08 19:34:30 葛福腾获取提交记录完成 0
2025-10-08 19:34:31 李孝强获取提交记录完成 0
2025-10-08 19:34:31 张天诺获取提交记录完成 0
2025-10-08 19:34:31 李娇娇获取提交记录完成 0
2025-10-08 19:34:31 trdag获取提交记录完成 0
2025-10-08 19:34:33 陈聪获取提交记录完成 0
2025-10-08 19:34:33 徐铭宇获取提交记录完成 0
2025-10-08 19:34:33 巨翰铧获取提交记录完成 0
2025-10-08 19:34:33 罗诗琪获取提交记录完成 0
2025-10-08 19:34:34 杨富杰获取提交记录完成 0
2025-10-08 19:34:35 魏嘉俊获取提交记录完成 0
2025-10-08 19:34:35 覃文枫获取提交记录完成 0
2025-10-08 19:34:36 李丹琳获取提交记录完成 0
2025-10-08 19:34:36 赵增获取提交记录完成 0
2025-10-08 19:34:37 王杰麟获取提交记录完成 0
2025-10-08 19:34:38 梁德乐获取提交记录完成 0
2025-10-08 19:34:38 徐源鹏获取提交记录完成 0
2025-10-08 19:34:38 文轩获取提交记录完成 0
2025-10-08 19:34:38 张禹浩获取提交记录完成 0
2025-10-08 19:34:39 仇崧栎获取提交记录完成 0
2025-10-08 19:34:39 陆艺先获取提交记录完成 0
2025-10-08 19:34:39 赵泽浩获取提交记录完成 0
2025-10-08 21:24:46 黄翠婷获取提交记录完成 0
2025-10-08 21:24:46 陈君屹获取提交记录完成 0
2025-10-08 21:24:46 韦书临获取提交记录完成 0
2025-10-08 21:24:46 张健明获取提交记录完成 0
2025-10-08 21:24:47 陶康获取提交记录完成 0
2025-10-08 21:24:49 马振涛获取提交记录完成 0
2025-10-08 21:24:49 周紫阳获取提交记录完成 0
2025-10-08 21:24:49 郑毅获取提交记录完成 0
2025-10-08 21:24:49 薛沛东获取提交记录完成 0
2025-10-08 21:24:50 陈毅逊获取提交记录完成 0
2025-10-08 21:24:51 葛福腾获取提交记录完成 0
2025-10-08 21:24:51 张天诺获取提交记录完成 0
2025-10-08 21:24:52 trdag获取提交记录完成 0
2025-10-08 21:24:52 李娇娇获取提交记录完成 0
2025-10-08 21:24:52 陈聪获取提交记录完成 0
2025-10-08 21:24:53 徐铭宇获取提交记录完成 0
2025-10-08 21:24:53 李孝强获取提交记录完成 0
2025-10-08 21:24:53 巨翰铧获取提交记录完成 0
2025-10-08 21:24:54 罗诗琪获取提交记录完成 0
2025-10-08 21:24:55 杨富杰获取提交记录完成 0
2025-10-08 21:24:55 赵增获取提交记录完成 0
2025-10-08 21:24:55 覃文枫获取提交记录完成 0
2025-10-08 21:24:55 魏嘉俊获取提交记录完成 0
2025-10-08 21:24:56 李丹琳获取提交记录完成 0
2025-10-08 21:24:57 王杰麟获取提交记录完成 0
2025-10-08 21:24:57 张禹浩获取提交记录完成 0
2025-10-08 21:24:57 徐源鹏获取提交记录完成 0
2025-10-08 21:24:57 梁德乐获取提交记录完成 0
2025-10-08 21:24:58 赵泽浩获取提交记录完成 0
2025-10-08 21:24:59 陆艺先获取提交记录完成 0
2025-10-08 21:24:59 文轩获取提交记录完成 0
2025-10-08 21:24:59 仇崧栎获取提交记录完成 0
2025-10-08 21:26:46 陈君屹获取提交记录完成 0
2025-10-08 21:26:47 黄翠婷获取提交记录完成 0
2025-10-08 21:26:47 韦书临获取提交记录完成 0
2025-10-08 21:26:47 张健明获取提交记录完成 0
2025-10-08 21:26:48 陶康获取提交记录完成 0
2025-10-08 21:26:49 周紫阳获取提交记录完成 0
2025-10-08 21:26:49 郑毅获取提交记录完成 0
2025-10-08 21:26:49 马振涛获取提交记录完成 0
2025-10-08 21:26:50 薛沛东获取提交记录完成 0
2025-10-08 21:26:50 陈毅逊获取提交记录完成 0
2025-10-08 21:26:51 葛福腾获取提交记录完成 0
2025-10-08 21:26:52 李娇娇获取提交记录完成 0
2025-10-08 21:26:52 trdag获取提交记录完成 0
2025-10-08 21:26:52 张天诺获取提交记录完成 0
2025-10-08 21:26:52 李孝强获取提交记录完成 0
2025-10-08 21:26:53 陈聪获取提交记录完成 0
2025-10-08 21:26:54 徐铭宇获取提交记录完成 0
2025-10-08 21:26:54 巨翰铧获取提交记录完成 0
2025-10-08 21:26:54 罗诗琪获取提交记录完成 0
2025-10-08 21:26:55 杨富杰获取提交记录完成 0
2025-10-08 21:26:55 赵增获取提交记录完成 0
2025-10-08 21:26:56 覃文枫获取提交记录完成 0
2025-10-08 21:26:56 魏嘉俊获取提交记录完成 0
2025-10-08 21:26:57 李丹琳获取提交记录完成 0
2025-10-08 21:26:57 王杰麟获取提交记录完成 0
2025-10-08 21:26:57 梁德乐获取提交记录完成 0
2025-10-08 21:26:57 徐源鹏获取提交记录完成 0
2025-10-08 21:26:58 张禹浩获取提交记录完成 0
2025-10-08 21:26:59 文轩获取提交记录完成 0
2025-10-08 21:26:59 仇崧栎获取提交记录完成 0
2025-10-08 21:26:59 陆艺先获取提交记录完成 0
2025-10-08 21:27:00 赵泽浩获取提交记录完成 0
2025-10-08 21:39:02 薛沛东获取提交记录完成 0
2025-10-08 21:39:02 陈君屹获取提交记录完成 0
2025-10-08 21:39:02 黄翠婷获取提交记录完成 0
2025-10-08 21:39:02 张健明获取提交记录完成 0
2025-10-08 21:39:03 韦书临获取提交记录完成 0
2025-10-08 21:39:03 周紫阳获取提交记录完成 0
2025-10-08 21:39:03 马振涛获取提交记录完成 0
2025-10-08 21:39:03 郑毅获取提交记录完成 0
2025-10-08 21:39:03 陈毅逊获取提交记录完成 0
2025-10-08 21:39:03 陶康获取提交记录完成 0
2025-10-08 21:39:04 葛福腾获取提交记录完成 0
2025-10-08 21:39:04 张天诺获取提交记录完成 0
2025-10-08 21:39:04 李孝强获取提交记录完成 0
2025-10-08 21:39:04 李娇娇获取提交记录完成 0
2025-10-08 21:39:05 trdag获取提交记录完成 0
2025-10-08 21:39:05 罗诗琪获取提交记录完成 0
2025-10-08 21:39:05 徐铭宇获取提交记录完成 0
2025-10-08 21:39:05 巨翰铧获取提交记录完成 0
2025-10-08 21:39:05 陈聪获取提交记录完成 0
2025-10-08 21:39:06 杨富杰获取提交记录完成 0
2025-10-08 21:39:06 覃文枫获取提交记录完成 0
2025-10-08 21:39:06 赵增获取提交记录完成 0
2025-10-08 21:39:06 魏嘉俊获取提交记录完成 0
2025-10-08 21:39:07 梁德乐获取提交记录完成 0
2025-10-08 21:39:07 徐源鹏获取提交记录完成 0
2025-10-08 21:39:07 李丹琳获取提交记录完成 0
2025-10-08 21:39:07 王杰麟获取提交记录完成 0
2025-10-08 21:39:07 文轩获取提交记录完成 0
2025-10-08 21:39:07 赵泽浩获取提交记录完成 0
2025-10-08 21:39:08 张禹浩获取提交记录完成 0
2025-10-08 21:39:08 仇崧栎获取提交记录完成 0
2025-10-08 21:39:08 陆艺先获取提交记录完成 0
2025-10-13 14:20:23 张健明重新获取提交记录完成 2
2025-10-13 14:20:24 葛福腾重新获取提交记录完成 133
2025-10-13 14:20:33 韦书临重新获取提交记录完成 3
2025-10-13 14:20:38 修改私有题目难度为unknow完成 858
